make: 'sp' is up to date.
